./thermoclass2: a FASTA or an NPZ file is required.
