2000-01-01: beginning to make inferences
2000-01-01: finished making inferences
protein_id	position	t40_binary	t40_raw	t45_binary	t45_raw	t50_binary	t50_raw	t55_binary	t55_raw	t60_binary	t60_raw	t65_binary	t65_raw	left_hand_label	right_hand_label	clash
