2000-01-01: beginning to load the model 
2000-01-01: finished loading the model
2000-01-01: beginning to generate embeddings
Portion 1.
1/1: sequences with generated mean embeddings
0/1: sequences with generated per-residue embeddings
0:00:00.0001: time to generate embeddings
0:00:00.0001: time to generate embeddings per protein
2000-01-01: beginning to make inferences
2000-01-01: finished making inferences
protein_id	position	sequence	length	t40_binary	t40_raw	t45_binary	t45_raw	t50_binary	t50_raw	t55_binary	t55_raw	t60_binary	t60_raw	t65_binary	t65_raw	t70_binary	t70_raw	t75_binary	t75_raw	t80_binary	t80_raw	left_hand_label	right_hand_label	clash
WP_117970347_1	-	MESNNKIFTETIGTSSIAKTMRNSLVPTESTKRNIEKNGIIIDDQLRAEKRQQLKEIMDEYYRTYIDNKLSNVALTRTIDWKELFQAIEDNYKQNTTKTKNELEKKQKEKRTEIYKILSDDEKFKQLFNAKLLTNVLPEFIKNQNIDNEEKQEKISTVELFQRFTSSFTDFFKNRKNVFSKDEISTSICYRVVQENAWIFYQNLLAFEEIKKTAEQEIEKIEAENRDSISDYSLKEIFDFDFYGLLLNQGGIRFYNDVCGKINYHMNLYGQKHNIKSNKFKMKRMHKQILSIDESTFEVPTMFENDKEVYQVLNEFLSDLASKKILERVEKIGENVSEYEINKIYIQSKNFEKFSSFMCGNWQIINDSLKTYYNEKIKSKGKAKEEKVKKAIKAIEYKSLADINQLVERYNNDELNRKAEEYISAINEKIKDLDVNEIEYDEKINLIENETKSEEIKSKLDSIMEIMHWTKMFIIEEEIEKDVNFYNEIEEIYDELQPLVTIYNRIRNYVTQKPYSEEKIKLNFGIPTLANGWSKTKEYDNNAIIMIRDGKYYLGIFNAKNKPDKKIMEGHQSEENGDYKKMIYRLLPGPNKMLPKVFMSKTGIAEYKPSQYILECYEQNKHIKSDKNFDIKFCRDLIDFFKTSINRHPEWSKFNFKFSETSEYEDISTFYREVEKQGYKIEWTYISEKEIKELDENGQLYLFQIYNKDFSEKSKGKENLHTMYLKNLFSEENLKNIVLKLNGEAEVFFRKSSIKKPIIHKKGSVLVNKTYNENGERKSIPEEQYTEIYKYLNSIGTNELSEKSKKLMEEGKVEYYKANYDIVKDYRYSVDKFFIHLPMTINFKAAGFSPINNIALKNIALKDDMHIIGIDRGERNLIYVSVIDTKGNIVEQRNFNIVNGIDYKEKLKQKELDRDNARKNWKEIGKIKDLKEGYLSLVVHEIAKLVVKYNAIITMEDLNQGFKRGRFKVERQVYQKFETMLINKLNYLVDKDLAVDQEGGLLRGYQLTYIPESLKVLGRQCGYIFYVPAAYTSKIDPTTGFVAIFNYKGMTDKDFVTSFDSIKYDDERGLFAFEFDYENFVTHKVEMARNKWTVYTYGERIKRKFKNGSWDTAEKVDLTYQMRSILEKYEIEYNKGQDILEQIEELDEKAQNGICKEIKYLVKDIVQMRNSLPDNAAEDYDAIISPVINNNGEFFDSTRGDEDKPLDADANGAYCIALKGLYEVMQIKKNWNEETEFPRKELKIRHQDWFDFIQNKRYL	1259	0	5.777e-02	0	2.097e-07	0	1.890e-07	0	2.105e-10	0	7.306e-08	0	2.706e-13	0	3.219e-12	0	1.076e-26	0	6.330e-23	<40	<40	-
