2000-01-01: beginning to load the model 
2000-01-01: finished loading the model
2000-01-01: beginning to generate embeddings
Portion 1.
1/1: sequences with generated mean embeddings
0/1: sequences with generated per-residue embeddings
0:00:00.0001: time to generate embeddings
0:00:00.0001: time to generate embeddings per protein
2000-01-01: beginning to make inferences
2000-01-01: finished making inferences
