2000-01-01: beginning to make inferences
2000-01-01: finished making inferences
