2000-01-01: beginning to load the model 
2000-01-01: finished loading the model
2000-01-01: beginning to generate embeddings
Portion 1.
3/3: sequences with generated mean embeddings
0/3: sequences with generated per-residue embeddings
0:00:00.0001: time to generate embeddings
0:00:00.0001: time to generate embeddings per protein
2000-01-01: beginning to make inferences
2000-01-01: finished making inferences
protein_id	position	sequence	length	t40_binary	t40_raw	t45_binary	t45_raw	t50_binary	t50_raw	t55_binary	t55_raw	t60_binary	t60_raw	t65_binary	t65_raw	t70_binary	t70_raw	t75_binary	t75_raw	t80_binary	t80_raw	left_hand_label	right_hand_label	clash
AaCas12b	-	MAVKSMKVKLRLDNMPEIRAGLWKLHTEVNAGVRYYTEWLSLLRQENLYRRSPNGDGEQECYKTAEECKAELLERLRARQVENGHCGPAGSDDELLQLARQLYELLVPQAIGAKGDAQQIARKFLSPLADKDAVGGLGIAKAGNKPRWVRMREAGEPGWEEEKAKAEARKSTDRTADVLRALADFGLKPLMRVYTDSDMSSVQWKPLRKGQAVRTWDRDMFQQAIERMMSWESWNQRVGEAYAKLVEQKSRFEQKNFVGQEHLVQLVNQLQQDMKEASHGLESKEQTAHYLTGRALRGSDKVFEKWEKLDPDAPFDLYDTEIKNVQRRNTRRFGSHDLFAKLAEPKYQALWREDASFLTRYAVYNSIVRKLNHAKMFATFTLPDATAHPIWTRFDKLGGNLHQYTFLFNEFGEGRHAIRFQKLLTVEDGVAKEVDDVTVPISMSAQLDDLLPRDPHELVALYFQDYGAEQHLAGEFGGAKIQYRRDQLNHLHARRGARDVYLNLSVRVQSQSEARGERRPPYAAVFRLVGDNHRAFVHFDKLSDYLAEHPDDGKLGSEGLLSGLRVMSVDLGLRTSASISVFRVARKDELKPNSEGRVPFCFPIEGNENLVAVHERSQLLKLPGETESKDLRAIREERQRTLRQLRTQLAYLRLLVRCGSEDVGRRERSWAKLIEQPMDANQMTPDWREAFEDELQKLKSLYGICGDREWTEAVYESVRRVWRHMGKQVRDWRKDVRSGERPKIRGYQKDVVGGNSIEQIEYLERQYKFLKSWSFFGKVSGQVIRAEKGSRFAITLREHIDHAKEDRLKKLADRIIMEALGYVYALDDERGKGKWVAKYPPCQLILLEELSEYQFNNDRPPSENNQLMQWSHRGVFQELLNQAQVHDLLVGTMYAAFSSRFDARTGAPGIRCRRVPARCAREQNPEPFPWWLNKFVAEHKLDGCPLRADDLIPTGEGEFFVSPFSAEEGDFHQIHADLNAAQNLQRRLWSDFDISQIRLRCDWGEVDGEPVLIPRTTGKRTADSYGNKVFYTKTGVTYYERERGKKRRKVFAQEELSEEEAELLVEADEAREKSVVLMRDPSGIINRGDWTRQKEFWSMVNQRIEGYLVKQIRSRVRLQESACENTGDI	1129	1	9.999e-01	1	1.000e+00	1	9.937e-01	0	1.732e-01	0	3.706e-05	0	4.186e-11	0	5.695e-09	0	8.399e-36	0	1.050e-24	[50-55)	[50-55)	-
WP_206918966_1	-	MTVKSIKVKLRLDNMPEIRAGLWKLHTEVNAGVRYYTEWLSLLRQENLYRRSPNGDGEQECYKTAEECKAELLERLRARQVENGHRGPAGSDDELLQLARQLYELLVPQAIGAKGDAQQIARKFLSPLADKDAVGGLGIAKAGNKPRWVRMRDAGEPGWEEEKAKAEARKSTDRTADVLRALADFGLKPLMRVYTDSDMSSVQWKPLRKGQAVRTWDRDMFQQAIERMMSWESWNQRVGEAYAKLVEQKSRFEQKNFVGQEHLVQLVNQLQQDMKEASHGLESKEQTAHYLTGRALRGSDKVFEKWEKLDPDAPFDLYDTEIKNVQRRNMRRFGSHDLFAKLAEPKYQALWREDASFLTRYAAYNSILRKLNHAKMFATFTLPDATAHPIWTRFDKLGGNLHQYTFLFNEFGEGRHAIRFQKLLTIEHGVAKEVDDVTVPISMSAQLDDLLPGESNEPTELSFRDHGTDQHFTGEFGGAKIQYRRDQLDHVHRRRGARDVYLNLSVRVQSQSEARGERRPPYAAVFRLVGDTHRAFAHFDKLSNYLAEHPDDGKLGSEGLLSGLRVMSVDLGLRTSASISVFRVARKDELKPNSEGRVPFFFPIKGNDNLVAVHERSQLLKLPGETESKDLRAIREERQRILRQLRTQLAYLRLLVRCGSEDVGRRERSWAKLIEQSVDAANHMTPDWREAFEGELQKLKSLYGICGDREWTEAVYESVRRVWRHMGKQVRDWRKDVRSGERPKIRGYQKDVVGGNSIEQIEYLERQYKFLKSWSFFGKVSGQVIRAEKGSRFATTLREHIDHAKEDRLKKLADRIIMEALGYVYALDAERGKGTWVAKYPPCQLILLEELSEYRFNNDRPPSENNQLMQWSHRGVFQELLNQAQVHDLLVGTMYAAFSSRFDARTGAPGIRCRRVPARCAREQNPEPFPWWLNKFVAEHKLDGCPLRADDLIPTGEGEFFVSPFSAEEGDFHQIHADLNAAQNLQRRLWSDFDISQIRLRCDWGEVDGEPVLIPRLTGKRTADSYGNKVFYTNTGVTYYERERGKKRRKAFAQEELSEEEAELLVEADEAREKSVVLMRDPSGIINRGDWTRQKEFWSMVNQRIEGYLVKQIRSRVRLPESACENTGDI	1130	1	9.982e-01	1	9.999e-01	1	9.478e-01	0	1.477e-03	0	1.544e-05	0	2.101e-12	0	8.894e-10	0	1.780e-37	0	1.320e-26	[50-55)	[50-55)	-
WP_206922773_1	-	MTVKSIKVKLRLDNMPEIRAGLWKLHTEVNAGVRYYTEWLSLLRQENLYRRSPNGDGEQECYKTAEECKVELLERLRARQVENGHRDPAGSDDELLQLARQLYELLVPQAIGAKGDAQQIARKFLSPLADKDAVGGLGIAKAGNKPRWVRMRDAGEPGWEEEKAKAEARKSTDRTADVLRALADFGLKPLMRVYTDSDMSSVQWKPLRKGQAVRTWDRDMFQQAIERMMSWESWNQRVGEAYAKLVEQKSRFEQKNFVGQEHLVQLVNQLQQDMKEASHGLESKEQTAHYLTGRALRGSDKVFEKWEKLDPDAPFDLYDTEIKNVQRRNTRRFGSHDLFAKLAEPKYQALWREDASFLTRYAAYNSILRKLNHAKMFATFTLPDATAHPIWTRFDKLGGNLHQYTFLFNEFGEGRHAIRFQKLLTIEHGVAKEVDDVTVPISMSAQLDDLLPGESNEPTELSFRDHGTDQHFTGEFGGAKIQYRRDQLDHVHRRRGARDVYLNLSVRVQSQSEARGERRPPYAAVFRLVGDTHRAFAHFDKLSNYLAEHPDDGKLGSEGLLSGLRVMSVDLGLRTSASISVFRVARKDELKPNSEGRVPFFFPIKGNDNLVAVHERSQLLKLPGETESKDLRAIREERQRILRQLRTQLAYLRLLVRCGSEDVGRRERSWAKLIEQSVDAANHMTPDWREAFEGELQKLKSLYGICGDREWTEAVYESVRRVWRHMGKQVRDWRKDVRSGERPKIRGYQKDVVGGNSIEQIEYLERQYKFLKSWSFFGKVSGQVIRAEKGSRFATTLREHIDHAKEDRLKKLADRIIMEALGYVYALDAERGKGTWVAKYPPCQLILLEELSEYRFNNDRPPSENNQLMQWSHRGVFQELLNQAQVHDLLVGTMYAAFSSRFDARTGAPGIRCRRVPARCAREQNPEPFPWWLNKFVAEHKLDGCPLRADDLIPTGEGEFFVSPFSAEEGDFHQIHADLNAAQNLQRRLWSDFDISQIRLRCDWGEVDGEPVLIPRLTGKRTADSYGNKVFYTNTGVTYYERERGKKRRKAFAQEELSEEEAELLVEADEAREKSVVLMRDPSGIINRGDWTRQKEFWSMVNQRIEGYLVKQIRSRVCLPESACENTGDI	1130	1	9.819e-01	1	9.866e-01	1	5.137e-01	0	1.618e-04	0	8.430e-06	0	1.107e-12	0	5.412e-10	0	5.981e-38	0	2.626e-27	[50-55)	[50-55)	-
